==============================================
 verifying alpine:openbox-novnc
   probe host : 172.28.0.1:3140
==============================================
   waiting 35s for the session to come up...
   [ OK ] container is running
   [ OK ] service 'xvnc' is RUNNING
   [ OK ] service 'openbox' is RUNNING
   [ OK ] service 'novnc' is RUNNING
   [ OK ] core tool 'chromium' is present
   [ OK ] core tool 'openbox' is present
   [ OK ] wine is installed (BUILD_PACKAGES asked for it)
   [ OK ] xdotool works (reads the pointer position from :1)
   [ OK ] xwininfo works (lists the root window's children)
   [ OK ] docker cli is absent (removed in v2)
   [ OK ] no wine-specific integration in the image
   [ OK ] the seeded desktop menu has no Wine entries
   [ OK ] the wine-era menu is shipped as an upgrade target (menu.xml.v2)
   [ OK ] Openbox menu.xml parses (no libxml2 parser errors)
   [ OK ] openbox theme is Artwiz-boxed
   [ OK ] openbox titleLayout is NLMC (no minimise button)
   [ OK ] Artwiz-boxed themerc is installed
   [ OK ] 'sans' resolves to Noto Sans (NotoSans-Regular.ttf)
   [ OK ] C-S-d keybind present (toggles window decorations)
   [ OK ] no panel: tint2 is not installed
   [ OK ] no tint2 supervisor entry
   [ OK ] VNC server completed an RFB handshake
   [ OK ] framebuffer reports 1280x800
   [info] idle desktop framebuffer has 2 unique colours (panel-less: expect ~2)
   [ OK ] noVNC responds HTTP 200
   [ OK ] served page is the noVNC UI
   [ OK ] the adaptive-resize script is served by noVNC
   [ OK ] vnc.html loads the adaptive-resize script
   [ OK ] a real browser applied the override (data-webtop-resize=remote)
   [ OK ] ?resize=off still overrides the default (escape hatch works)
   waiting up to 120s for Chromium to map a window...
   [ OK ] Chromium opens a real window via the menu launcher
          _NET_WM_NAME(UTF8_STRING) = "about:blank - Chromium"
   [ OK ] desktop resizes on request (SetDesktopSize honoured, after=(1500, 850))
   [ OK ] framebuffer reports the requested size after the resize
   [ OK ] the open window repaints at the new size (623 unique colours)
   waiting up to 240s for the Wine prefix, loaders and notepad window...
          wine_version=wine-11.0
          cmd64=Microsoft Windows 10.0.19045
          cmd32=Microsoft Windows 10.0.19045
          cjk_fonts=65
          wine_prefix=ready
          notepad_procs=1
          window=_NET_WM_NAME(UTF8_STRING) = "about:blank - Chromium" WM_CLASS(STRING) = "chromium-browser", "Chromium-browser"
          window=_NET_WM_NAME(UTF8_STRING) = "Untitled - Notepad" WM_CLASS(STRING) = "notepad.exe", "notepad.exe"
   [ OK ] wine runs (wine-11.0)
   [ OK ] wine built its prefix on demand under /home/abc
   [ OK ] 64-bit loader runs a Windows program (wine cmd /c ver)
   [ OK ] 32-bit WoW64 runs an i386 PE (syswow64\cmd.exe)
   [ OK ] Wine sees the image's Noto fonts (65 entries via fontconfig)
   [ OK ] wine-webtop notepad maps a real window
          window=_NET_WM_NAME(UTF8_STRING) = "Untitled - Notepad" WM_CLASS(STRING) = "notepad.exe", "notepad.exe"
   [ OK ] desktop still paints after the Chromium and Wine tests (1004 unique colours)

==============================================
 passed: 40   failed: 0
==============================================
 Tip: inspect with  docker exec -it wt-v-std supervisorctl status
