==============================================
 verifying alpine:openbox-novnc
   probe host : 172.28.0.1:3140
==============================================
   waiting 35s for the session to come up...
   [ OK ] container is running
   [ OK ] service 'xvnc' is RUNNING
   [ OK ] service 'openbox' is RUNNING
   [ OK ] service 'novnc' is RUNNING
   [ OK ] core tool 'chromium' is present
   [ OK ] core tool 'openbox' is present
   [info] wine is not installed (BUILD_PACKAGES did not ask for it)
   [ OK ] docker cli is absent (removed in v2)
   [ OK ] no wine-specific integration in the image
   [ OK ] the seeded desktop menu has no Wine entries
   [ OK ] the wine-era menu is shipped as an upgrade target (menu.xml.v2)
   [ OK ] Openbox menu.xml parses (no libxml2 parser errors)
   [ OK ] openbox theme is Artwiz-boxed
   [ OK ] openbox titleLayout is NLMC (no minimise button)
   [ OK ] Artwiz-boxed themerc is installed
   [ OK ] 'sans' resolves to Noto Sans (NotoSans-Regular.ttf)
   [ OK ] C-S-d keybind present (toggles window decorations)
   [ OK ] no panel: tint2 is not installed
   [ OK ] no tint2 supervisor entry
   [ OK ] VNC server completed an RFB handshake
   [ OK ] framebuffer reports 1280x800
   [info] idle desktop framebuffer has 2 unique colours (panel-less: expect ~2)
   [ OK ] noVNC responds HTTP 200
   [ OK ] served page is the noVNC UI
   [ OK ] the adaptive-resize script is served by noVNC
   [ OK ] vnc.html loads the adaptive-resize script
   [ OK ] a real browser applied the override (data-webtop-resize=remote)
   [ OK ] ?resize=off still overrides the default (escape hatch works)
   waiting up to 120s for Chromium to map a window...
   [ OK ] Chromium opens a real window via the menu launcher
          _NET_WM_NAME(UTF8_STRING) = "about:blank - Chromium"
   [ OK ] desktop resizes on request (SetDesktopSize honoured, after=(1500, 850))
   [ OK ] framebuffer reports the requested size after the resize
   [ OK ] the open window repaints at the new size (623 unique colours)
   [info] wine checks skipped (this image has no wine)
   [ OK ] desktop still paints after the Chromium and Wine tests (623 unique colours)

==============================================
 passed: 31   failed: 0
==============================================
 Tip: inspect with  docker exec -it wt-v-base supervisorctl status
